// Jest Snapshot v1, https://goo.gl/fbAQLP

exports[`<Main /> should render the heading 1`] = `
<main
  class="styles__Wrapper-sc-1w3czte-0 euCGKY"
>
  <img
    alt="Imagem de um átomo e React Avançado escrito ao lado."
    class="styles__Logo-sc-1w3czte-1 dgSAwz"
    src="/img/logo.svg"
  />
  <h1
    class="styles__Title-sc-1w3czte-2 iOYiaF"
  >
    React Avançado
  </h1>
  <h2
    class="styles__Description-sc-1w3czte-3 cbxOne"
  >
    TypeScript, ReactJS, NextJS e Styled Components
  </h2>
  <img
    alt="Um desenvolvedor de frente para uma tela com código."
    class="styles__Illustration-sc-1w3czte-4 fYTROP"
    src="/img/hero-illustration.svg"
  />
</main>
`
